MIF/HEX Update report for MIC2
Thu May 14 20:24:24 2009
Quartus II Version 8.0 Build 215 05/29/2008 SJ Web Edition


---------------------
; Table of Contents ;
---------------------
  1. Legal Notice
  2. MIF/HEX Update Summary
  3. MIF/HEX Update Processed Files
  4. MIF/HEX Update Messages



----------------
; Legal Notice ;
----------------
Copyright (C) 1991-2008 Altera Corporation
Your use of Altera Corporation's design tools, logic functions 
and other software and tools, and its AMPP partner logic 
functions, and any output files from any of the foregoing 
(including device programming or simulation files), and any 
associated documentation or information are expressly subject 
to the terms and conditions of the Altera Program License 
Subscription Agreement, Altera MegaCore Function License 
Agreement, or other applicable license agreement, including, 
without limitation, that your use is for the sole purpose of 
programming logic devices manufactured by Altera and sold by 
Altera or its authorized distributors.  Please refer to the 
applicable agreement for further details.



+---------------------------------------------------------------+
; MIF/HEX Update Summary                                        ;
+-----------------------+---------------------------------------+
; MIF/HEX Update Status ; Successful - Thu May 14 20:24:24 2009 ;
; Revision Name         ; MIC2                                  ;
; Top-level Entity Name ; MIC2                                  ;
; Family                ; Stratix II                            ;
; Device                ; EP2S15F484C3                          ;
+-----------------------+---------------------------------------+


+--------------------------------------------------------+
; MIF/HEX Update Processed Files                         ;
+--------------------------------------------------------+
; File Name                                              ;
+--------------------------------------------------------+
; D:/Pessoal/ufpb/P5/Arquitetura/MIC2/MIC/instrucoes.mif ;
+--------------------------------------------------------+


+-------------------------+
; MIF/HEX Update Messages ;
+-------------------------+
Info: *******************************************************************
Info: Running Quartus II MIF/HEX Update
    Info: Version 8.0 Build 215 05/29/2008 SJ Web Edition
    Info: Processing started: Thu May 14 20:24:22 2009
Info: Command: quartus_cdb MIC2 -c MIC2 --update_mif
Warning: 482 out of 512 addresses are uninitialized. The Quartus II software will initialize them to "0". There are 3 warnings found, and 3 warnings are reported.
    Warning: Memory Initialization File Address 12 is not initialized
    Warning: Memory Initialization File Address 30 is not initialized
    Warning: Addresses ranging from 32 to 511 are not initialized
Warning: 1 out of 512 addresses are reinitialized. The latest initialized data will replace the existing data. There are 1 warnings found, and 1 warnings are reported.
    Warning: Memory Initialization File address 13 is reinitialized
Info: Processed the following Memory Initialization File(s)
    Info: Processed Memory Initialization File D:/Pessoal/ufpb/P5/Arquitetura/MIC2/MIC/instrucoes.mif
Info: Quartus II MIF/HEX Update was successful. 0 errors, 6 warnings
    Info: Peak virtual memory: 188 megabytes
    Info: Processing ended: Thu May 14 20:24:24 2009
    Info: Elapsed time: 00:00:02
    Info: Total CPU time (on all processors): 00:00:01


