--------------------------------------------------------------------------------------
Timing Analyzer Summary
--------------------------------------------------------------------------------------

Type           : Worst-case tsu
Slack          : N/A
Required Time  : None
Actual Time    : 99.425 ns
From           : reset
To             : DATA_PATH:inst7|Registrador:LV|guarda[31]
From Clock     : --
To Clock       : clk
Failed Paths   : 0

Type           : Worst-case tco
Slack          : N/A
Required Time  : None
Actual Time    : 101.566 ns
From           : ROM:inst6|NEXT_INSTRUCT[12]
To             : C[20]
From Clock     : clk
To Clock       : --
Failed Paths   : 0

Type           : Worst-case tpd
Slack          : N/A
Required Time  : None
Actual Time    : 103.964 ns
From           : reset
To             : C[20]
From Clock     : --
To Clock       : --
Failed Paths   : 0

Type           : Worst-case th
Slack          : N/A
Required Time  : None
Actual Time    : 0.830 ns
From           : reset
To             : DATA_PATH:inst7|Deslocador:inst1|B[1]
From Clock     : --
To Clock       : clk
Failed Paths   : 0

Type           : Clock Setup: 'clk'
Slack          : N/A
Required Time  : None
Actual Time    : 5.15 MHz ( period = 194.054 ns )
From           : ROM:inst6|NEXT_INSTRUCT[12]
To             : DATA_PATH:inst7|Registrador:LV|guarda[31]
From Clock     : clk
To Clock       : clk
Failed Paths   : 0

Type           : Clock Hold: 'clk'
Slack          : Not operational: Clock Skew > Data Delay
Required Time  : None
Actual Time    : N/A
From           : ROM:inst6|NEXT_INSTRUCT[19]
To             : DATA_PATH:inst7|Deslocador:inst1|B[6]
From Clock     : clk
To Clock       : clk
Failed Paths   : 399

Type           : Total number of failed paths
Slack          : 
Required Time  : 
Actual Time    : 
From           : 
To             : 
From Clock     : 
To Clock       : 
Failed Paths   : 399

--------------------------------------------------------------------------------------

