--------------------------------------------------------------------------------------
Timing Analyzer Summary
--------------------------------------------------------------------------------------

Type           : Worst-case tsu
Slack          : N/A
Required Time  : None
Actual Time    : 14.033 ns
From           : reset
To             : DATA_PATH:DP|Registrador:OPC|guarda[25]
From Clock     : --
To Clock       : clk
Failed Paths   : 0

Type           : Worst-case tco
Slack          : N/A
Required Time  : None
Actual Time    : 16.429 ns
From           : ROM:inst3|NEXT_INSTRUCT[12]
To             : Z
From Clock     : clk
To Clock       : --
Failed Paths   : 0

Type           : Worst-case tpd
Slack          : N/A
Required Time  : None
Actual Time    : 19.415 ns
From           : reset
To             : Z
From Clock     : --
To Clock       : --
Failed Paths   : 0

Type           : Worst-case th
Slack          : N/A
Required Time  : None
Actual Time    : -2.679 ns
From           : reset
To             : DATA_PATH:DP|MBR:mbr|MBR_Reg[4]
From Clock     : --
To Clock       : clk
Failed Paths   : 0

Type           : Clock Setup: 'clk'
Slack          : N/A
Required Time  : None
Actual Time    : 45.83 MHz ( period = 21.822 ns )
From           : ROM:inst3|NEXT_INSTRUCT[12]
To             : DATA_PATH:DP|Registrador:H|guarda[11]~DUPLICATE
From Clock     : clk
To Clock       : clk
Failed Paths   : 0

Type           : Total number of failed paths
Slack          : 
Required Time  : 
Actual Time    : 
From           : 
To             : 
From Clock     : 
To Clock       : 
Failed Paths   : 0

--------------------------------------------------------------------------------------

